{
  "result": {
    "probs": [0.5, 0.5],
    "support": [0, 1]
  }
}
